127.0.0.1 - - [23/Mar/2018:09:18:13 +0900] "GET / HTTP/1.1" 200 11452
192.168.0.36 - - [23/Mar/2018:09:41:54 +0900] "POST /SafeForYou/AndroidLogin.do HTTP/1.1" 200 306
192.168.0.36 - - [23/Mar/2018:09:41:54 +0900] "GET /SafeForYou/img/HR_profile/0000000000.png HTTP/1.1" 200 96593
192.168.0.36 - - [23/Mar/2018:10:53:19 +0900] "POST /SafeForYou/AndroidLogin.do HTTP/1.1" 200 306
192.168.0.36 - - [23/Mar/2018:10:53:19 +0900] "GET /SafeForYou/img/HR_profile/0000000000.png HTTP/1.1" 200 96593
192.168.0.36 - - [23/Mar/2018:10:53:48 +0900] "POST /SafeForYou/AndroidLogin.do HTTP/1.1" 200 306
192.168.0.36 - - [23/Mar/2018:10:53:48 +0900] "GET /SafeForYou/img/HR_profile/0000000000.png HTTP/1.1" 200 96593
192.168.0.36 - - [23/Mar/2018:10:57:13 +0900] "POST /SafeForYou/AndroidLogin.do HTTP/1.1" 200 306
192.168.0.36 - - [23/Mar/2018:10:57:14 +0900] "POST /SafeForYou/AndroidLogin.do HTTP/1.1" 200 306
192.168.0.36 - - [23/Mar/2018:10:57:14 +0900] "GET /SafeForYou/img/HR_profile/0000000000.png HTTP/1.1" 200 96593
192.168.0.36 - - [23/Mar/2018:10:57:14 +0900] "GET /SafeForYou/img/HR_profile/0000000000.png HTTP/1.1" 200 96593
192.168.0.36 - - [23/Mar/2018:10:59:26 +0900] "POST /SafeForYou/AndroidLogin.do HTTP/1.1" 200 306
192.168.0.36 - - [23/Mar/2018:10:59:26 +0900] "GET /SafeForYou/img/HR_profile/0000000000.png HTTP/1.1" 200 96593
192.168.0.36 - - [23/Mar/2018:11:02:24 +0900] "POST /SafeForYou/AndroidLogin.do HTTP/1.1" 200 306
192.168.0.36 - - [23/Mar/2018:11:02:25 +0900] "GET /SafeForYou/img/HR_profile/0000000000.png HTTP/1.1" 200 96593
192.168.0.36 - - [23/Mar/2018:11:03:33 +0900] "POST /SafeForYou/AndroidLogin.do HTTP/1.1" 200 306
192.168.0.36 - - [23/Mar/2018:11:03:33 +0900] "GET /SafeForYou/img/HR_profile/0000000000.png HTTP/1.1" 200 96593
192.168.0.36 - - [23/Mar/2018:11:04:17 +0900] "POST /SafeForYou/AndroidLogin.do HTTP/1.1" 200 53
192.168.0.36 - - [23/Mar/2018:11:04:29 +0900] "POST /SafeForYou/AndroidLogin.do HTTP/1.1" 200 306
192.168.0.36 - - [23/Mar/2018:11:04:29 +0900] "GET /SafeForYou/img/HR_profile/0000000000.png HTTP/1.1" 200 96593
192.168.0.36 - - [23/Mar/2018:11:08:23 +0900] "POST /SafeForYou/AndroidLogin.do HTTP/1.1" 200 306
192.168.0.36 - - [23/Mar/2018:11:08:23 +0900] "GET /SafeForYou/img/HR_profile/0000000000.png HTTP/1.1" 200 96593
192.168.0.36 - - [23/Mar/2018:11:16:24 +0900] "POST /SafeForYou/AndroidLogin.do HTTP/1.1" 200 306
192.168.0.36 - - [23/Mar/2018:11:16:24 +0900] "GET /SafeForYou/img/HR_profile/0000000000.png HTTP/1.1" 200 96593
192.168.0.36 - - [23/Mar/2018:11:17:25 +0900] "POST /SafeForYou/AndroidLogin.do HTTP/1.1" 200 306
192.168.0.36 - - [23/Mar/2018:11:17:25 +0900] "GET /SafeForYou/img/HR_profile/0000000000.png HTTP/1.1" 200 96593
192.168.0.36 - - [23/Mar/2018:11:24:37 +0900] "POST /SafeForYou/AndroidLogin.do HTTP/1.1" 200 306
192.168.0.36 - - [23/Mar/2018:11:24:37 +0900] "GET /SafeForYou/img/HR_profile/0000000000.png HTTP/1.1" 200 96593
192.168.0.36 - - [23/Mar/2018:11:25:44 +0900] "POST /SafeForYou/AndroidLogin.do HTTP/1.1" 200 306
192.168.0.36 - - [23/Mar/2018:11:25:44 +0900] "GET /SafeForYou/img/HR_profile/0000000000.png HTTP/1.1" 200 96593
192.168.0.36 - - [23/Mar/2018:11:26:50 +0900] "POST /SafeForYou/AndroidLogin.do HTTP/1.1" 200 306
192.168.0.36 - - [23/Mar/2018:11:26:50 +0900] "GET /SafeForYou/img/HR_profile/0000000000.png HTTP/1.1" 200 96593
192.168.0.36 - - [23/Mar/2018:11:30:01 +0900] "POST /SafeForYou/AndroidLogin.do HTTP/1.1" 200 306
192.168.0.36 - - [23/Mar/2018:11:30:01 +0900] "GET /SafeForYou/img/HR_profile/0000000000.png HTTP/1.1" 200 96593
192.168.0.36 - - [23/Mar/2018:11:36:46 +0900] "POST /SafeForYou/AndroidLogin.do HTTP/1.1" 200 306
192.168.0.36 - - [23/Mar/2018:11:36:46 +0900] "GET /SafeForYou/img/HR_profile/0000000000.png HTTP/1.1" 200 96593
192.168.0.36 - - [23/Mar/2018:11:41:00 +0900] "POST /SafeForYou/AndroidLogin.do HTTP/1.1" 200 53
192.168.0.36 - - [23/Mar/2018:11:41:10 +0900] "POST /SafeForYou/AndroidLogin.do HTTP/1.1" 200 306
192.168.0.36 - - [23/Mar/2018:11:41:10 +0900] "GET /SafeForYou/img/HR_profile/0000000000.png HTTP/1.1" 200 96593
192.168.0.36 - - [23/Mar/2018:11:43:52 +0900] "POST /SafeForYou/AndroidLogin.do HTTP/1.1" 200 53
192.168.0.36 - - [23/Mar/2018:11:43:59 +0900] "POST /SafeForYou/AndroidLogin.do HTTP/1.1" 200 53
192.168.0.36 - - [23/Mar/2018:11:44:01 +0900] "POST /SafeForYou/AndroidLogin.do HTTP/1.1" 200 53
192.168.0.36 - - [23/Mar/2018:11:44:19 +0900] "POST /SafeForYou/AndroidLogin.do HTTP/1.1" 200 53
192.168.0.36 - - [23/Mar/2018:11:44:25 +0900] "POST /SafeForYou/AndroidLogin.do HTTP/1.1" 200 53
192.168.0.36 - - [23/Mar/2018:11:44:37 +0900] "POST /SafeForYou/AndroidLogin.do HTTP/1.1" 200 53
192.168.0.36 - - [23/Mar/2018:11:52:21 +0900] "POST /SafeForYou/AndroidLogin.do HTTP/1.1" 200 306
192.168.0.36 - - [23/Mar/2018:11:52:21 +0900] "GET /SafeForYou/img/HR_profile/0000000000.png HTTP/1.1" 200 96593
192.168.0.35 - - [23/Mar/2018:11:52:22 +0900] "GET /SafeForYou/img/Event/20180322_175241.png HTTP/1.1" 304 -
192.168.0.35 - - [23/Mar/2018:11:52:31 +0900] "POST /SafeForYou/AndoridIamgeGet.do?imageID=http://192.168.0.35:8088/SafeForYou/img/Event/20180322_175241.png HTTP/1.1" 200 3173
192.168.0.35 - - [23/Mar/2018:11:53:37 +0900] "POST null null" 400 -
192.168.0.35 - - [23/Mar/2018:11:56:45 +0900] "POST null null" 400 -
192.168.0.35 - - [23/Mar/2018:11:56:53 +0900] "POST null null" 400 -
192.168.0.35 - - [23/Mar/2018:11:57:07 +0900] "GET null null" 400 -
192.168.0.35 - - [23/Mar/2018:11:57:20 +0900] "POST null null" 400 -
192.168.0.35 - - [23/Mar/2018:12:12:48 +0900] "POST null null" 400 -
192.168.0.35 - - [23/Mar/2018:12:13:15 +0900] "GET null null" 400 -
192.168.0.35 - - [23/Mar/2018:12:13:31 +0900] "GET null null" 400 -
192.168.0.35 - - [23/Mar/2018:12:13:35 +0900] "GET null null" 400 -
192.168.0.35 - - [23/Mar/2018:12:13:36 +0900] "GET null null" 400 -
192.168.0.35 - - [23/Mar/2018:12:13:36 +0900] "GET null null" 400 -
192.168.0.35 - - [23/Mar/2018:12:13:36 +0900] "GET null null" 400 -
192.168.0.35 - - [23/Mar/2018:12:13:37 +0900] "GET null null" 400 -
192.168.0.35 - - [23/Mar/2018:12:13:37 +0900] "GET null null" 400 -
192.168.0.35 - - [23/Mar/2018:12:13:37 +0900] "GET null null" 400 -
192.168.0.35 - - [23/Mar/2018:12:13:37 +0900] "GET null null" 400 -
192.168.0.35 - - [23/Mar/2018:12:13:37 +0900] "GET null null" 400 -
127.0.0.1 - - [23/Mar/2018:12:15:23 +0900] "GET / HTTP/1.1" 200 11452
192.168.0.35 - - [23/Mar/2018:12:15:24 +0900] "GET null null" 400 -
192.168.0.35 - - [23/Mar/2018:12:15:25 +0900] "GET null null" 400 -
192.168.0.35 - - [23/Mar/2018:12:15:26 +0900] "GET null null" 400 -
192.168.0.35 - - [23/Mar/2018:12:15:26 +0900] "GET null null" 400 -
192.168.0.36 - - [23/Mar/2018:12:15:47 +0900] "POST /SafeForYou/AndroidLogin.do HTTP/1.1" 200 306
192.168.0.36 - - [23/Mar/2018:12:15:47 +0900] "GET /SafeForYou/img/HR_profile/0000000000.png HTTP/1.1" 200 96593
192.168.0.36 - - [23/Mar/2018:12:17:19 +0900] "POST /SafeForYou/AndroidLogin.do HTTP/1.1" 200 306
192.168.0.36 - - [23/Mar/2018:12:17:19 +0900] "GET /SafeForYou/img/HR_profile/0000000000.png HTTP/1.1" 200 96593
192.168.0.36 - - [23/Mar/2018:12:24:49 +0900] "POST /SafeForYou/AndroidLogin.do HTTP/1.1" 200 306
192.168.0.36 - - [23/Mar/2018:12:24:49 +0900] "GET /SafeForYou/img/HR_profile/0000000000.png HTTP/1.1" 200 96593
192.168.0.36 - - [23/Mar/2018:12:32:45 +0900] "POST /SafeForYou/AndroidLogin.do HTTP/1.1" 200 306
192.168.0.36 - - [23/Mar/2018:12:32:45 +0900] "GET /SafeForYou/img/HR_profile/0000000000.png HTTP/1.1" 200 96593
192.168.0.36 - - [23/Mar/2018:12:35:35 +0900] "POST /SafeForYou/AndroidLogin.do HTTP/1.1" 200 306
192.168.0.36 - - [23/Mar/2018:12:35:36 +0900] "GET /SafeForYou/img/HR_profile/0000000000.png HTTP/1.1" 200 96593
192.168.0.36 - - [23/Mar/2018:13:27:02 +0900] "POST /SafeForYou/AndroidLogin.do HTTP/1.1" 200 306
192.168.0.36 - - [23/Mar/2018:13:27:02 +0900] "GET /SafeForYou/img/HR_profile/0000000000.png HTTP/1.1" 200 96593
127.0.0.1 - - [23/Mar/2018:13:31:43 +0900] "GET / HTTP/1.1" 200 11452
192.168.0.35 - - [23/Mar/2018:13:31:51 +0900] "GET /SafeForYou/AndoridIamgeGet.do?imageID=20180322_183520 HTTP/1.1" 200 190574
192.168.0.35 - - [23/Mar/2018:13:37:13 +0900] "GET null null" 400 -
192.168.0.35 - - [23/Mar/2018:13:37:30 +0900] "GET /SafeForYou/AndoridIamgeGet.do?imageID=20180322_183520.png HTTP/1.1" 200 3101
192.168.0.35 - - [23/Mar/2018:13:38:00 +0900] "GET /SafeForYou/AndoridIamgeGet.do?imageID=20180322_183520 HTTP/1.1" 200 190574
192.168.0.35 - - [23/Mar/2018:13:42:52 +0900] "GET /SafeForYou/AndoridIamgeGet.do?imageID= HTTP/1.1" 200 3044
192.168.0.35 - - [23/Mar/2018:13:44:26 +0900] "POST /SafeForYou/eventIn.do?module_id=1&temp=0&smoke=0&gyro=0&fire=0&issue=3 HTTP/1.1" 200 -
192.168.0.35 - - [23/Mar/2018:13:47:13 +0900] "POST /SafeForYou/eventIn.do?module_id=1&temp=0&smoke=0&gyro=0&fire=0&issue=3 HTTP/1.1" 200 -
192.168.0.36 - - [23/Mar/2018:13:47:13 +0900] "GET /SafeForYou/AndoridIamgeGet.do?imageID=.png HTTP/1.1" 200 3044
127.0.0.1 - - [23/Mar/2018:13:48:39 +0900] "GET / HTTP/1.1" 200 11452
192.168.0.35 - - [23/Mar/2018:13:48:45 +0900] "POST /SafeForYou/eventIn.do?module_id=1&temp=0&smoke=0&gyro=0&fire=0&issue=3 HTTP/1.1" 200 -
192.168.0.36 - - [23/Mar/2018:13:49:10 +0900] "POST /SafeForYou/AndroidLogin.do HTTP/1.1" 200 306
192.168.0.36 - - [23/Mar/2018:13:49:10 +0900] "GET /SafeForYou/img/HR_profile/0000000000.png HTTP/1.1" 200 96593
192.168.0.35 - - [23/Mar/2018:13:49:40 +0900] "POST /SafeForYou/eventIn.do?module_id=1&temp=0&smoke=0&gyro=0&fire=0&issue=3 HTTP/1.1" 200 -
192.168.0.35 - - [23/Mar/2018:13:49:54 +0900] "POST /SafeForYou/eventIn.do?module_id=1&temp=0&smoke=0&gyro=0&fire=0&issue=3 HTTP/1.1" 200 -
192.168.0.36 - - [23/Mar/2018:13:49:55 +0900] "GET /SafeForYou/AndoridIamgeGet.do?imageID=20180323_134954.png HTTP/1.1" 200 190452
192.168.0.36 - - [23/Mar/2018:13:58:05 +0900] "POST /SafeForYou/AndroidLogin.do HTTP/1.1" 200 306
192.168.0.36 - - [23/Mar/2018:13:58:05 +0900] "GET /SafeForYou/img/HR_profile/0000000000.png HTTP/1.1" 200 96593
192.168.0.36 - - [23/Mar/2018:13:59:29 +0900] "POST /SafeForYou/AndroidLogin.do HTTP/1.1" 200 306
192.168.0.36 - - [23/Mar/2018:13:59:29 +0900] "GET /SafeForYou/img/HR_profile/0000000000.png HTTP/1.1" 200 96593
192.168.0.36 - - [23/Mar/2018:14:16:25 +0900] "POST /SafeForYou/AndroidLogin.do HTTP/1.1" 200 306
192.168.0.36 - - [23/Mar/2018:14:16:25 +0900] "GET /SafeForYou/img/HR_profile/0000000000.png HTTP/1.1" 200 96593
127.0.0.1 - - [23/Mar/2018:14:25:59 +0900] "GET / HTTP/1.1" 200 11452
192.168.0.36 - - [23/Mar/2018:14:26:02 +0900] "POST /SafeForYou/AndroidLogin.do HTTP/1.1" 200 306
192.168.0.36 - - [23/Mar/2018:14:26:02 +0900] "POST /SafeForYou/AndroidLogin.do HTTP/1.1" 200 306
192.168.0.36 - - [23/Mar/2018:14:26:03 +0900] "GET /SafeForYou/img/HR_profile/0000000000.png HTTP/1.1" 200 96593
192.168.0.36 - - [23/Mar/2018:14:27:51 +0900] "GET /SafeForYou/img/HR_profile/0000000000.png HTTP/1.1" 200 96593
192.168.0.36 - - [23/Mar/2018:14:27:54 +0900] "POST /SafeForYou/AndroidLogin.do HTTP/1.1" 200 53
192.168.0.36 - - [23/Mar/2018:14:28:06 +0900] "POST /SafeForYou/AndroidLogin.do HTTP/1.1" 200 53
192.168.0.36 - - [23/Mar/2018:15:10:53 +0900] "POST /SafeForYou/AndroidLogin.do HTTP/1.1" 200 53
192.168.0.36 - - [23/Mar/2018:15:10:57 +0900] "POST /SafeForYou/AndroidLogin.do HTTP/1.1" 200 53
192.168.0.36 - - [23/Mar/2018:15:11:26 +0900] "POST /SafeForYou/AndroidLogin.do HTTP/1.1" 200 306
192.168.0.36 - - [23/Mar/2018:15:11:27 +0900] "GET /SafeForYou/img/HR_profile/0000000000.png HTTP/1.1" 200 96593
192.168.0.68 - - [23/Mar/2018:15:16:32 +0900] "POST /SafeForYou/AndroidLogin.do HTTP/1.1" 200 -
192.168.0.68 - - [23/Mar/2018:15:16:34 +0900] "POST /SafeForYou/AndroidLogin.do HTTP/1.1" 200 306
192.168.0.68 - - [23/Mar/2018:15:16:34 +0900] "GET /SafeForYou/img/HR_profile/0000000000.png HTTP/1.1" 200 96593
192.168.0.68 - - [23/Mar/2018:15:18:08 +0900] "POST /SafeForYou/AndroidLogin.do HTTP/1.1" 200 306
192.168.0.68 - - [23/Mar/2018:15:18:08 +0900] "GET /SafeForYou/img/HR_profile/0000000000.png HTTP/1.1" 200 96593
192.168.0.36 - - [23/Mar/2018:15:43:35 +0900] "POST /SafeForYou/AndroidLogin.do HTTP/1.1" 200 -
192.168.0.36 - - [23/Mar/2018:15:43:40 +0900] "POST /SafeForYou/AndroidLogin.do HTTP/1.1" 200 306
192.168.0.36 - - [23/Mar/2018:15:43:40 +0900] "GET /SafeForYou/img/HR_profile/0000000000.png HTTP/1.1" 200 96593
192.168.0.68 - - [23/Mar/2018:15:44:05 +0900] "POST /SafeForYou/AndroidLogin.do HTTP/1.1" 200 -
192.168.0.68 - - [23/Mar/2018:15:44:13 +0900] "POST /SafeForYou/AndroidLogin.do HTTP/1.1" 200 306
192.168.0.68 - - [23/Mar/2018:15:44:13 +0900] "GET /SafeForYou/img/HR_profile/0000000000.png HTTP/1.1" 200 96593
192.168.0.68 - - [23/Mar/2018:15:44:47 +0900] "POST /SafeForYou/AndroidLogin.do HTTP/1.1" 200 306
192.168.0.68 - - [23/Mar/2018:15:44:47 +0900] "GET /SafeForYou/img/HR_profile/0000000000.png HTTP/1.1" 200 96593
127.0.0.1 - - [23/Mar/2018:15:45:53 +0900] "GET / HTTP/1.1" 200 11452
192.168.0.36 - - [23/Mar/2018:15:46:05 +0900] "POST /SafeForYou/AndroidLogin.do HTTP/1.1" 200 306
192.168.0.36 - - [23/Mar/2018:15:46:05 +0900] "GET /SafeForYou/img/HR_profile/0000000000.png HTTP/1.1" 200 96593
192.168.0.35 - - [23/Mar/2018:15:46:22 +0900] "POST /SafeForYou/eventIn.do?module_id=1&temp=0&smoke=0&gyro=0&fire=0&issue=3 HTTP/1.1" 200 -
192.168.0.36 - - [23/Mar/2018:15:46:23 +0900] "GET /SafeForYou/AndoridIamgeGet.do?imageID=20180323_154622.png HTTP/1.1" 200 187981
127.0.0.1 - - [23/Mar/2018:16:02:21 +0900] "GET / HTTP/1.1" 200 11452
192.168.0.35 - - [23/Mar/2018:16:02:25 +0900] "POST /SafeForYou/eventIn.do?module_id=1&temp=0&smoke=0&gyro=0&fire=0&issue=3 HTTP/1.1" 200 -
192.168.0.36 - - [23/Mar/2018:16:02:26 +0900] "GET /SafeForYou/AndoridIamgeGet.do?imageID=20180323_160224.png HTTP/1.1" 200 187750
192.168.0.35 - - [23/Mar/2018:16:03:18 +0900] "POST /SafeForYou/eventIn.do?module_id=1&temp=0&smoke=0&gyro=0&fire=0&issue=3 HTTP/1.1" 200 -
192.168.0.36 - - [23/Mar/2018:16:03:18 +0900] "GET /SafeForYou/AndoridIamgeGet.do?imageID=20180323_160317.png HTTP/1.1" 200 189183
192.168.0.36 - - [23/Mar/2018:16:03:18 +0900] "GET /SafeForYou/AndoridIamgeGet.do?imageID=20180323_160317.png HTTP/1.1" 200 189183
192.168.0.35 - - [23/Mar/2018:16:05:06 +0900] "POST /SafeForYou/eventIn.do?module_id=1&temp=0&smoke=0&gyro=0&fire=0&issue=3 HTTP/1.1" 200 -
192.168.0.36 - - [23/Mar/2018:16:05:06 +0900] "GET /SafeForYou/AndoridIamgeGet.do?imageID=20180323_160505.png HTTP/1.1" 200 188498
192.168.0.36 - - [23/Mar/2018:16:05:06 +0900] "GET /SafeForYou/AndoridIamgeGet.do?imageID=20180323_160505.png HTTP/1.1" 200 188498
192.168.0.35 - - [23/Mar/2018:16:06:13 +0900] "POST /SafeForYou/eventIn.do?module_id=1&temp=0&smoke=0&gyro=0&fire=0&issue=3 HTTP/1.1" 200 -
192.168.0.36 - - [23/Mar/2018:16:06:13 +0900] "GET /SafeForYou/AndoridIamgeGet.do?imageID=20180323_160612.png HTTP/1.1" 200 188903
192.168.0.36 - - [23/Mar/2018:16:06:13 +0900] "GET /SafeForYou/AndoridIamgeGet.do?imageID=20180323_160612.png HTTP/1.1" 200 188903
192.168.0.36 - - [23/Mar/2018:16:11:11 +0900] "POST /SafeForYou/AndroidLogin.do HTTP/1.1" 200 306
192.168.0.36 - - [23/Mar/2018:16:11:11 +0900] "GET /SafeForYou/img/HR_profile/0000000000.png HTTP/1.1" 200 96593
192.168.0.35 - - [23/Mar/2018:16:20:09 +0900] "POST /SafeForYou/eventIn.do?module_id=1&temp=0&smoke=0&gyro=0&fire=0&issue=3 HTTP/1.1" 200 -
192.168.0.35 - - [23/Mar/2018:16:32:48 +0900] "POST /SafeForYou/eventIn.do?module_id=1&temp=0&smoke=0&gyro=0&fire=0&issue=3 HTTP/1.1" 200 -
192.168.0.46 - - [23/Mar/2018:16:37:26 +0900] "GET /SafeForYou/eventIn.do?module_id=1&temp=26.85&smoke=514&gyro=861&fire=845&issue=0 HTTP/1.0" 200 182
192.168.0.46 - - [23/Mar/2018:16:37:36 +0900] "GET /SafeForYou/eventIn.do?module_id=1&temp=26.91&smoke=491&gyro=864&fire=844&issue=0 HTTP/1.0" 200 182
192.168.0.46 - - [23/Mar/2018:16:37:55 +0900] "GET /SafeForYou/eventIn.do?module_id=1&temp=26.87&smoke=466&gyro=856&fire=840&issue=0 HTTP/1.0" 200 182
192.168.0.46 - - [23/Mar/2018:16:38:05 +0900] "GET /SafeForYou/eventIn.do?module_id=1&temp=26.87&smoke=459&gyro=855&fire=839&issue=0 HTTP/1.0" 200 182
192.168.0.46 - - [23/Mar/2018:16:38:16 +0900] "GET /SafeForYou/eventIn.do?module_id=1&temp=26.91&smoke=457&gyro=860&fire=843&issue=0 HTTP/1.0" 200 182
192.168.0.46 - - [23/Mar/2018:16:38:27 +0900] "GET /SafeForYou/eventIn.do?module_id=1&temp=26.53&smoke=464&gyro=868&fire=854&issue=0 HTTP/1.0" 200 182
192.168.0.46 - - [23/Mar/2018:16:38:37 +0900] "GET /SafeForYou/eventIn.do?module_id=1&temp=26.71&smoke=452&gyro=853&fire=835&issue=0 HTTP/1.0" 200 182
192.168.0.46 - - [23/Mar/2018:16:38:48 +0900] "GET /SafeForYou/eventIn.do?module_id=1&temp=26.61&smoke=447&gyro=850&fire=836&issue=0 HTTP/1.0" 200 182
192.168.0.46 - - [23/Mar/2018:16:39:05 +0900] "GET /SafeForYou/eventIn.do?module_id=1&temp=26.53&smoke=442&gyro=850&fire=829&issue=0 HTTP/1.0" 200 182
192.168.0.46 - - [23/Mar/2018:16:39:16 +0900] "GET /SafeForYou/eventIn.do?module_id=1&temp=26.55&smoke=443&gyro=850&fire=836&issue=0 HTTP/1.0" 200 182
192.168.0.46 - - [23/Mar/2018:16:39:39 +0900] "GET /SafeForYou/eventIn.do?module_id=1&temp=1037.55&smoke=960&gyro=987&fire=987&issue=1 HTTP/1.0" 200 -
192.168.0.61 - - [23/Mar/2018:16:54:19 +0900] "POST /SafeForYou/AndroidLogin.do HTTP/1.1" 200 2546
192.168.0.61 - - [23/Mar/2018:16:54:27 +0900] "POST /SafeForYou/AndroidLogin.do HTTP/1.1" 200 2546
192.168.0.61 - - [23/Mar/2018:16:54:28 +0900] "POST /SafeForYou/AndroidLogin.do HTTP/1.1" 200 2546
192.168.0.61 - - [23/Mar/2018:16:54:52 +0900] "POST /SafeForYou/AndroidLogin.do HTTP/1.1" 200 2546
192.168.0.61 - - [23/Mar/2018:16:55:20 +0900] "POST /SafeForYou/AndroidLogin.do HTTP/1.1" 200 306
192.168.0.61 - - [23/Mar/2018:16:55:20 +0900] "GET /SafeForYou/img/HR_profile/0000000000.png HTTP/1.1" 200 96593
192.168.0.46 - - [23/Mar/2018:16:56:04 +0900] "GET /SafeForYou/eventIn.do?module_id=1&temp=27.73&smoke=414&gyro=1010&fire=993&issue=0 HTTP/1.0" 200 182
192.168.0.61 - - [23/Mar/2018:16:56:13 +0900] "POST /SafeForYou/AndroidLogin.do HTTP/1.1" 200 297
192.168.0.61 - - [23/Mar/2018:16:56:13 +0900] "GET /SafeForYou/img/HR_profile/0000000000.png HTTP/1.1" 200 96593
192.168.0.46 - - [23/Mar/2018:16:56:23 +0900] "GET /SafeForYou/eventIn.do?module_id=1&temp=27.69&smoke=444&gyro=1010&fire=994&issue=0 HTTP/1.0" 200 182
192.168.0.46 - - [23/Mar/2018:16:56:34 +0900] "GET /SafeForYou/eventIn.do?module_id=1&temp=27.61&smoke=451&gyro=1011&fire=992&issue=0 HTTP/1.0" 200 182
192.168.0.46 - - [23/Mar/2018:16:56:45 +0900] "GET /SafeForYou/eventIn.do?module_id=1&temp=27.59&smoke=448&gyro=1008&fire=991&issue=0 HTTP/1.0" 200 182
192.168.0.46 - - [23/Mar/2018:16:56:55 +0900] "GET /SafeForYou/eventIn.do?module_id=1&temp=27.73&smoke=454&gyro=1011&fire=993&issue=0 HTTP/1.0" 200 182
192.168.0.46 - - [23/Mar/2018:16:57:06 +0900] "GET /SafeForYou/eventIn.do?module_id=1&temp=27.55&smoke=456&gyro=1011&fire=989&issue=0 HTTP/1.0" 200 182
192.168.0.46 - - [23/Mar/2018:16:57:17 +0900] "GET /SafeForYou/eventIn.do?module_id=1&temp=27.63&smoke=454&gyro=1010&fire=988&issue=0 HTTP/1.0" 200 182
192.168.0.46 - - [23/Mar/2018:16:57:27 +0900] "GET /SafeForYou/eventIn.do?module_id=1&temp=27.69&smoke=461&gyro=1012&fire=995&issue=0 HTTP/1.0" 200 182
192.168.0.46 - - [23/Mar/2018:16:58:02 +0900] "GET /SafeForYou/eventIn.do?module_id=1&temp=27.67&smoke=460&gyro=1005&fire=996&issue=0 HTTP/1.0" 200 182
192.168.0.46 - - [23/Mar/2018:16:58:11 +0900] "GET /SafeForYou/eventIn.do?module_id=1&temp=27.59&smoke=456&gyro=1009&fire=990&issue=0 HTTP/1.0" 200 182
192.168.0.46 - - [23/Mar/2018:16:58:25 +0900] "GET /SafeForYou/eventIn.do?module_id=1&temp=27.59&smoke=458&gyro=165&fire=991&issue=2 HTTP/1.0" 200 -
192.168.0.36 - - [23/Mar/2018:16:58:26 +0900] "GET /SafeForYou/AndoridIamgeGet.do?imageID=20180323_165824.png HTTP/1.1" 200 187280
192.168.0.36 - - [23/Mar/2018:16:58:26 +0900] "GET /SafeForYou/AndoridIamgeGet.do?imageID=20180323_165824.png HTTP/1.1" 200 187280
192.168.0.46 - - [23/Mar/2018:16:58:33 +0900] "GET /SafeForYou/eventIn.do?module_id=1&temp=27.69&smoke=461&gyro=1010&fire=993&issue=0 HTTP/1.0" 200 182
192.168.0.46 - - [23/Mar/2018:16:58:43 +0900] "GET /SafeForYou/eventIn.do?module_id=1&temp=27.63&smoke=465&gyro=1010&fire=993&issue=0 HTTP/1.0" 200 182
192.168.0.46 - - [23/Mar/2018:16:58:54 +0900] "GET /SafeForYou/eventIn.do?module_id=1&temp=27.55&smoke=464&gyro=1008&fire=987&issue=0 HTTP/1.0" 200 182
192.168.0.46 - - [23/Mar/2018:16:59:05 +0900] "GET /SafeForYou/eventIn.do?module_id=1&temp=27.59&smoke=467&gyro=1012&fire=994&issue=0 HTTP/1.0" 200 182
192.168.0.46 - - [23/Mar/2018:16:59:16 +0900] "GET /SafeForYou/eventIn.do?module_id=1&temp=27.47&smoke=472&gyro=1008&fire=988&issue=0 HTTP/1.0" 200 182
192.168.0.46 - - [23/Mar/2018:16:59:26 +0900] "GET /SafeForYou/eventIn.do?module_id=1&temp=27.47&smoke=473&gyro=1011&fire=990&issue=0 HTTP/1.0" 200 182
192.168.0.35 - - [23/Mar/2018:17:03:05 +0900] "POST /SafeForYou/eventIn.do?module_id=1&temp=0&smoke=0&gyro=0&fire=0&issue=3 HTTP/1.1" 200 -
192.168.0.36 - - [23/Mar/2018:17:03:05 +0900] "GET /SafeForYou/AndoridIamgeGet.do?imageID=20180323_170304.png HTTP/1.1" 200 187648
192.168.0.36 - - [23/Mar/2018:17:03:06 +0900] "GET /SafeForYou/AndoridIamgeGet.do?imageID=20180323_170304.png HTTP/1.1" 200 187648
192.168.0.36 - - [23/Mar/2018:17:03:30 +0900] "POST /SafeForYou/AndroidLogin.do HTTP/1.1" 200 306
192.168.0.36 - - [23/Mar/2018:17:03:30 +0900] "GET /SafeForYou/img/HR_profile/0000000000.png HTTP/1.1" 200 96593
192.168.0.36 - - [23/Mar/2018:17:09:45 +0900] "POST /SafeForYou/AndroidLogin.do HTTP/1.1" 200 306
192.168.0.36 - - [23/Mar/2018:17:09:45 +0900] "GET /SafeForYou/img/HR_profile/0000000000.png HTTP/1.1" 200 96593
192.168.0.35 - - [23/Mar/2018:17:11:03 +0900] "POST /SafeForYou/eventIn.do?module_id=1&temp=0&smoke=0&gyro=0&fire=0&issue=3 HTTP/1.1" 200 -
192.168.0.36 - - [23/Mar/2018:17:11:13 +0900] "POST /SafeForYou/AndroidLogin.do HTTP/1.1" 200 306
192.168.0.36 - - [23/Mar/2018:17:11:13 +0900] "GET /SafeForYou/img/HR_profile/0000000000.png HTTP/1.1" 200 96593
192.168.0.35 - - [23/Mar/2018:17:11:14 +0900] "POST /SafeForYou/eventIn.do?module_id=1&temp=0&smoke=0&gyro=0&fire=0&issue=3 HTTP/1.1" 200 -
192.168.0.36 - - [23/Mar/2018:17:14:10 +0900] "POST /SafeForYou/AndroidLogin.do HTTP/1.1" 200 53
192.168.0.36 - - [23/Mar/2018:17:14:15 +0900] "POST /SafeForYou/AndroidLogin.do HTTP/1.1" 200 306
192.168.0.36 - - [23/Mar/2018:17:14:15 +0900] "GET /SafeForYou/img/HR_profile/0000000000.png HTTP/1.1" 200 96593
192.168.0.35 - - [23/Mar/2018:17:14:29 +0900] "POST /SafeForYou/eventIn.do?module_id=1&temp=0&smoke=0&gyro=0&fire=0&issue=3 HTTP/1.1" 200 -
192.168.0.35 - - [23/Mar/2018:17:14:38 +0900] "POST /SafeForYou/eventIn.do?module_id=1&temp=0&smoke=0&gyro=0&fire=0&issue=3 HTTP/1.1" 200 -
192.168.0.35 - - [23/Mar/2018:17:15:15 +0900] "POST /SafeForYou/eventIn.do?module_id=1&temp=0&smoke=0&gyro=0&fire=0&issue=3 HTTP/1.1" 200 -
192.168.0.35 - - [23/Mar/2018:17:15:21 +0900] "POST /SafeForYou/eventIn.do?module_id=1&temp=0&smoke=0&gyro=0&fire=0&issue=3 HTTP/1.1" 200 -
192.168.0.46 - - [23/Mar/2018:17:15:34 +0900] "GET /SafeForYou/eventIn.do?module_id=1&temp=1037.55&smoke=981&gyro=979&fire=983&issue=1 HTTP/1.0" 200 -
192.168.0.35 - - [23/Mar/2018:17:15:42 +0900] "POST /SafeForYou/eventIn.do?module_id=1&temp=0&smoke=0&gyro=0&fire=0&issue=3 HTTP/1.1" 200 -
192.168.0.46 - - [23/Mar/2018:17:15:49 +0900] "GET /SafeForYou/eventIn.do?module_id=1&temp=1037.55&smoke=987&gyro=984&fire=989&issue=1 HTTP/1.0" 200 -
192.168.0.35 - - [23/Mar/2018:17:17:06 +0900] "POST /SafeForYou/eventIn.do?module_id=1&temp=0&smoke=0&gyro=0&fire=0&issue=3 HTTP/1.1" 200 -
192.168.0.35 - - [23/Mar/2018:17:17:55 +0900] "POST /SafeForYou/eventIn.do?module_id=1&temp=0&smoke=0&gyro=0&fire=0&issue=3 HTTP/1.1" 200 -
192.168.0.36 - - [23/Mar/2018:17:17:55 +0900] "GET /SafeForYou/AndoridIamgeGet.do?imageID=20180323_171754.png HTTP/1.1" 200 187726
192.168.0.36 - - [23/Mar/2018:17:17:55 +0900] "GET /SafeForYou/AndoridIamgeGet.do?imageID=20180323_171754.png HTTP/1.1" 200 187726
192.168.0.35 - - [23/Mar/2018:17:18:25 +0900] "POST /SafeForYou/eventIn.do?module_id=1&temp=0&smoke=0&gyro=0&fire=0&issue=3 HTTP/1.1" 200 -
192.168.0.36 - - [23/Mar/2018:17:18:26 +0900] "GET /SafeForYou/AndoridIamgeGet.do?imageID=20180323_171824.png HTTP/1.1" 200 187797
192.168.0.36 - - [23/Mar/2018:17:18:26 +0900] "GET /SafeForYou/AndoridIamgeGet.do?imageID=20180323_171824.png HTTP/1.1" 200 187797
192.168.0.36 - - [23/Mar/2018:17:18:36 +0900] "POST /SafeForYou/AndroidLogin.do HTTP/1.1" 200 306
192.168.0.36 - - [23/Mar/2018:17:18:36 +0900] "GET /SafeForYou/img/HR_profile/0000000000.png HTTP/1.1" 200 96593
192.168.0.35 - - [23/Mar/2018:17:18:37 +0900] "POST /SafeForYou/eventIn.do?module_id=1&temp=0&smoke=0&gyro=0&fire=0&issue=3 HTTP/1.1" 200 -
192.168.0.35 - - [23/Mar/2018:17:19:51 +0900] "POST /SafeForYou/eventIn.do?module_id=1&temp=0&smoke=0&gyro=0&fire=0&issue=3 HTTP/1.1" 200 -
192.168.0.35 - - [23/Mar/2018:17:20:04 +0900] "POST /SafeForYou/eventIn.do?module_id=1&temp=0&smoke=0&gyro=0&fire=0&issue=3 HTTP/1.1" 200 -
192.168.0.35 - - [23/Mar/2018:17:20:29 +0900] "POST /SafeForYou/eventIn.do?module_id=1&temp=0&smoke=0&gyro=0&fire=0&issue=3 HTTP/1.1" 200 -
192.168.0.35 - - [23/Mar/2018:17:26:05 +0900] "POST /SafeForYou/eventIn.do?module_id=1&temp=0&smoke=0&gyro=0&fire=0&issue=3 HTTP/1.1" 200 -
192.168.0.36 - - [23/Mar/2018:17:26:05 +0900] "GET /SafeForYou/AndoridIamgeGet.do?imageID=20180323_172604.png HTTP/1.1" 200 198450
192.168.0.36 - - [23/Mar/2018:17:26:06 +0900] "GET /SafeForYou/AndoridIamgeGet.do?imageID=20180323_172604.png HTTP/1.1" 200 198450
192.168.0.36 - - [23/Mar/2018:17:26:24 +0900] "POST /SafeForYou/AndroidLogin.do HTTP/1.1" 200 306
192.168.0.36 - - [23/Mar/2018:17:26:24 +0900] "GET /SafeForYou/img/HR_profile/0000000000.png HTTP/1.1" 200 96593
192.168.0.36 - - [23/Mar/2018:17:29:09 +0900] "POST /SafeForYou/AndroidLogin.do HTTP/1.1" 200 306
192.168.0.36 - - [23/Mar/2018:17:29:10 +0900] "GET /SafeForYou/img/HR_profile/0000000000.png HTTP/1.1" 200 96593
192.168.0.35 - - [23/Mar/2018:17:29:27 +0900] "POST /SafeForYou/eventIn.do?module_id=1&temp=0&smoke=0&gyro=0&fire=0&issue=3 HTTP/1.1" 200 -
192.168.0.36 - - [23/Mar/2018:17:29:27 +0900] "GET /SafeForYou/AndoridIamgeGet.do?imageID=20180323_172926.png HTTP/1.1" 200 198490
192.168.0.36 - - [23/Mar/2018:17:29:27 +0900] "GET /SafeForYou/AndoridIamgeGet.do?imageID=20180323_172926.png HTTP/1.1" 200 198490
192.168.0.35 - - [23/Mar/2018:17:43:21 +0900] "POST /SafeForYou/eventIn.do?module_id=1&temp=0&smoke=0&gyro=0&fire=0&issue=3 HTTP/1.1" 200 -
192.168.0.36 - - [23/Mar/2018:17:43:22 +0900] "GET /SafeForYou/AndoridIamgeGet.do?imageID=20180323_174320.png HTTP/1.1" 200 184877
192.168.0.36 - - [23/Mar/2018:17:43:22 +0900] "GET /SafeForYou/AndoridIamgeGet.do?imageID=20180323_174320.png HTTP/1.1" 200 184877
192.168.0.35 - - [23/Mar/2018:17:43:29 +0900] "POST /SafeForYou/eventIn.do?module_id=1&temp=0&smoke=0&gyro=0&fire=0&issue=3 HTTP/1.1" 200 -
192.168.0.36 - - [23/Mar/2018:17:43:30 +0900] "GET /SafeForYou/AndoridIamgeGet.do?imageID=20180323_174329.png HTTP/1.1" 200 185513
192.168.0.36 - - [23/Mar/2018:17:43:30 +0900] "GET /SafeForYou/AndoridIamgeGet.do?imageID=20180323_174329.png HTTP/1.1" 200 185513
192.168.0.46 - - [23/Mar/2018:17:45:07 +0900] "GET /SafeForYou/eventIn.do?module_id=1&temp=26.65&smoke=525&gyro=1006&fire=998&issue=0 HTTP/1.0" 200 182
192.168.0.46 - - [23/Mar/2018:17:45:18 +0900] "GET /SafeForYou/eventIn.do?module_id=1&temp=26.65&smoke=508&gyro=1009&fire=1005&issue=0 HTTP/1.0" 200 182
192.168.0.46 - - [23/Mar/2018:17:45:28 +0900] "GET /SafeForYou/eventIn.do?module_id=1&temp=36.13&smoke=496&gyro=1013&fire=1003&issue=0 HTTP/1.0" 200 182
192.168.0.46 - - [23/Mar/2018:17:45:39 +0900] "GET /SafeForYou/eventIn.do?module_id=1&temp=26.49&smoke=487&gyro=1007&fire=992&issue=0 HTTP/1.0" 200 182
192.168.0.46 - - [23/Mar/2018:17:45:50 +0900] "GET /SafeForYou/eventIn.do?module_id=1&temp=26.47&smoke=476&gyro=1011&fire=994&issue=0 HTTP/1.0" 200 182
192.168.0.46 - - [23/Mar/2018:17:46:00 +0900] "GET /SafeForYou/eventIn.do?module_id=1&temp=26.47&smoke=469&gyro=1011&fire=994&issue=0 HTTP/1.0" 200 182
192.168.0.46 - - [23/Mar/2018:17:46:11 +0900] "GET /SafeForYou/eventIn.do?module_id=1&temp=26.43&smoke=461&gyro=1008&fire=990&issue=0 HTTP/1.0" 200 182
192.168.0.46 - - [23/Mar/2018:17:46:22 +0900] "GET /SafeForYou/eventIn.do?module_id=1&temp=26.49&smoke=459&gyro=1007&fire=997&issue=0 HTTP/1.0" 200 182
192.168.0.46 - - [23/Mar/2018:17:46:32 +0900] "GET /SafeForYou/eventIn.do?module_id=1&temp=26.47&smoke=457&gyro=1015&fire=995&issue=0 HTTP/1.0" 200 182
192.168.0.46 - - [23/Mar/2018:17:46:43 +0900] "GET /SafeForYou/eventIn.do?module_id=1&temp=26.37&smoke=450&gyro=1010&fire=996&issue=0 HTTP/1.0" 200 182
192.168.0.46 - - [23/Mar/2018:17:46:54 +0900] "GET /SafeForYou/eventIn.do?module_id=1&temp=26.37&smoke=450&gyro=1012&fire=989&issue=0 HTTP/1.0" 200 182
192.168.0.46 - - [23/Mar/2018:17:47:04 +0900] "GET /SafeForYou/eventIn.do?module_id=1&temp=26.37&smoke=449&gyro=1008&fire=993&issue=0 HTTP/1.0" 200 182
192.168.0.46 - - [23/Mar/2018:17:47:15 +0900] "GET /SafeForYou/eventIn.do?module_id=1&temp=26.59&smoke=453&gyro=1010&fire=990&issue=0 HTTP/1.0" 200 182
192.168.0.46 - - [23/Mar/2018:17:47:26 +0900] "GET /SafeForYou/eventIn.do?module_id=1&temp=26.15&smoke=452&gyro=1013&fire=997&issue=0 HTTP/1.0" 200 182
192.168.0.46 - - [23/Mar/2018:17:47:37 +0900] "GET /SafeForYou/eventIn.do?module_id=1&temp=26.43&smoke=443&gyro=1009&fire=994&issue=0 HTTP/1.0" 200 182
192.168.0.46 - - [23/Mar/2018:17:47:47 +0900] "GET /SafeForYou/eventIn.do?module_id=1&temp=26.23&smoke=443&gyro=1005&fire=992&issue=0 HTTP/1.0" 200 182
192.168.0.46 - - [23/Mar/2018:17:47:58 +0900] "GET /SafeForYou/eventIn.do?module_id=1&temp=26.35&smoke=438&gyro=1013&fire=991&issue=0 HTTP/1.0" 200 182
192.168.0.46 - - [23/Mar/2018:17:48:09 +0900] "GET /SafeForYou/eventIn.do?module_id=1&temp=26.05&smoke=441&gyro=1009&fire=997&issue=0 HTTP/1.0" 200 182
192.168.0.46 - - [23/Mar/2018:17:48:19 +0900] "GET /SafeForYou/eventIn.do?module_id=1&temp=26.09&smoke=442&gyro=1015&fire=996&issue=0 HTTP/1.0" 200 182
192.168.0.46 - - [23/Mar/2018:17:48:30 +0900] "GET /SafeForYou/eventIn.do?module_id=1&temp=27.35&smoke=441&gyro=1011&fire=1001&issue=0 HTTP/1.0" 200 182
192.168.0.46 - - [23/Mar/2018:17:48:41 +0900] "GET /SafeForYou/eventIn.do?module_id=1&temp=26.41&smoke=435&gyro=1016&fire=995&issue=0 HTTP/1.0" 200 182
192.168.0.46 - - [23/Mar/2018:17:48:51 +0900] "GET /SafeForYou/eventIn.do?module_id=1&temp=26.49&smoke=438&gyro=1011&fire=995&issue=0 HTTP/1.0" 200 182
192.168.0.46 - - [23/Mar/2018:17:49:02 +0900] "GET /SafeForYou/eventIn.do?module_id=1&temp=26.37&smoke=441&gyro=1011&fire=995&issue=0 HTTP/1.0" 200 182
192.168.0.46 - - [23/Mar/2018:17:49:13 +0900] "GET /SafeForYou/eventIn.do?module_id=1&temp=26.53&smoke=440&gyro=1006&fire=994&issue=0 HTTP/1.0" 200 182
192.168.0.46 - - [23/Mar/2018:17:49:24 +0900] "GET /SafeForYou/eventIn.do?module_id=1&temp=26.53&smoke=437&gyro=1009&fire=995&issue=0 HTTP/1.0" 200 182
192.168.0.46 - - [23/Mar/2018:17:49:34 +0900] "GET /SafeForYou/eventIn.do?module_id=1&temp=26.49&smoke=440&gyro=1007&fire=989&issue=0 HTTP/1.0" 200 182
192.168.0.46 - - [23/Mar/2018:17:49:45 +0900] "GET /SafeForYou/eventIn.do?module_id=1&temp=26.47&smoke=442&gyro=1012&fire=996&issue=0 HTTP/1.0" 200 182
192.168.0.46 - - [23/Mar/2018:17:49:56 +0900] "GET /SafeForYou/eventIn.do?module_id=1&temp=26.53&smoke=444&gyro=1014&fire=994&issue=0 HTTP/1.0" 200 182
192.168.0.46 - - [23/Mar/2018:17:50:06 +0900] "GET /SafeForYou/eventIn.do?module_id=1&temp=26.55&smoke=444&gyro=1009&fire=995&issue=0 HTTP/1.0" 200 182
192.168.0.46 - - [23/Mar/2018:17:50:20 +0900] "GET /SafeForYou/eventIn.do?module_id=1&temp=26.41&smoke=445&gyro=1016&fire=994&issue=0 HTTP/1.0" 200 182
192.168.0.46 - - [23/Mar/2018:17:50:31 +0900] "GET /SafeForYou/eventIn.do?module_id=1&temp=26.09&smoke=447&gyro=1013&fire=989&issue=0 HTTP/1.0" 200 182
192.168.0.46 - - [23/Mar/2018:17:50:41 +0900] "GET /SafeForYou/eventIn.do?module_id=1&temp=25.97&smoke=447&gyro=1014&fire=992&issue=0 HTTP/1.0" 200 182
192.168.0.46 - - [23/Mar/2018:17:50:52 +0900] "GET /SafeForYou/eventIn.do?module_id=1&temp=26.15&smoke=445&gyro=1008&fire=994&issue=0 HTTP/1.0" 200 182
192.168.0.46 - - [23/Mar/2018:17:51:03 +0900] "GET /SafeForYou/eventIn.do?module_id=1&temp=26.47&smoke=443&gyro=1010&fire=995&issue=0 HTTP/1.0" 200 182
192.168.0.46 - - [23/Mar/2018:17:51:12 +0900] "GET /SafeForYou/eventIn.do?module_id=1&temp=29.75&smoke=446&gyro=412&fire=997&issue=2 HTTP/1.0" 200 -
192.168.0.36 - - [23/Mar/2018:17:51:12 +0900] "GET /SafeForYou/AndoridIamgeGet.do?imageID=20180323_175111.png HTTP/1.1" 200 187778
192.168.0.36 - - [23/Mar/2018:17:51:12 +0900] "GET /SafeForYou/AndoridIamgeGet.do?imageID=20180323_175111.png HTTP/1.1" 200 187778
192.168.0.46 - - [23/Mar/2018:17:51:18 +0900] "GET /SafeForYou/eventIn.do?module_id=1&temp=26.85&smoke=445&gyro=433&fire=996&issue=2 HTTP/1.0" 200 -
192.168.0.36 - - [23/Mar/2018:17:51:19 +0900] "GET /SafeForYou/AndoridIamgeGet.do?imageID=20180323_175118.png HTTP/1.1" 200 186987
192.168.0.36 - - [23/Mar/2018:17:51:19 +0900] "GET /SafeForYou/AndoridIamgeGet.do?imageID=20180323_175118.png HTTP/1.1" 200 186987
192.168.0.46 - - [23/Mar/2018:17:51:25 +0900] "GET /SafeForYou/eventIn.do?module_id=1&temp=26.43&smoke=448&gyro=391&fire=996&issue=2 HTTP/1.0" 200 -
192.168.0.36 - - [23/Mar/2018:17:51:26 +0900] "GET /SafeForYou/AndoridIamgeGet.do?imageID=20180323_175125.png HTTP/1.1" 200 187242
192.168.0.36 - - [23/Mar/2018:17:51:26 +0900] "GET /SafeForYou/AndoridIamgeGet.do?imageID=20180323_175125.png HTTP/1.1" 200 187242
192.168.0.46 - - [23/Mar/2018:17:51:31 +0900] "GET /SafeForYou/eventIn.do?module_id=1&temp=26.43&smoke=450&gyro=441&fire=997&issue=2 HTTP/1.0" 200 -
192.168.0.36 - - [23/Mar/2018:17:51:32 +0900] "GET /SafeForYou/AndoridIamgeGet.do?imageID=20180323_175131.png HTTP/1.1" 200 187322
192.168.0.36 - - [23/Mar/2018:17:51:33 +0900] "GET /SafeForYou/AndoridIamgeGet.do?imageID=20180323_175131.png HTTP/1.1" 200 187322
192.168.0.46 - - [23/Mar/2018:17:51:38 +0900] "GET /SafeForYou/eventIn.do?module_id=1&temp=26.55&smoke=449&gyro=384&fire=990&issue=2 HTTP/1.0" 200 -
192.168.0.36 - - [23/Mar/2018:17:51:38 +0900] "GET /SafeForYou/AndoridIamgeGet.do?imageID=20180323_175137.png HTTP/1.1" 200 187010
192.168.0.36 - - [23/Mar/2018:17:51:38 +0900] "GET /SafeForYou/AndoridIamgeGet.do?imageID=20180323_175137.png HTTP/1.1" 200 187010
192.168.0.46 - - [23/Mar/2018:17:51:45 +0900] "GET /SafeForYou/eventIn.do?module_id=1&temp=26.73&smoke=455&gyro=456&fire=989&issue=2 HTTP/1.0" 200 -
192.168.0.36 - - [23/Mar/2018:17:51:46 +0900] "GET /SafeForYou/AndoridIamgeGet.do?imageID=20180323_175144.png HTTP/1.1" 200 187487
192.168.0.36 - - [23/Mar/2018:17:51:46 +0900] "GET /SafeForYou/AndoridIamgeGet.do?imageID=20180323_175144.png HTTP/1.1" 200 187487
192.168.0.46 - - [23/Mar/2018:17:51:52 +0900] "GET /SafeForYou/eventIn.do?module_id=1&temp=26.93&smoke=452&gyro=203&fire=992&issue=2 HTTP/1.0" 200 -
192.168.0.36 - - [23/Mar/2018:17:51:53 +0900] "GET /SafeForYou/AndoridIamgeGet.do?imageID=20180323_175152.png HTTP/1.1" 200 187004
192.168.0.36 - - [23/Mar/2018:17:51:53 +0900] "GET /SafeForYou/AndoridIamgeGet.do?imageID=20180323_175152.png HTTP/1.1" 200 187004
192.168.0.46 - - [23/Mar/2018:17:51:59 +0900] "GET /SafeForYou/eventIn.do?module_id=1&temp=26.93&smoke=452&gyro=263&fire=986&issue=2 HTTP/1.0" 200 -
192.168.0.36 - - [23/Mar/2018:17:51:59 +0900] "GET /SafeForYou/AndoridIamgeGet.do?imageID=20180323_175158.png HTTP/1.1" 200 187109
192.168.0.36 - - [23/Mar/2018:17:52:00 +0900] "GET /SafeForYou/AndoridIamgeGet.do?imageID=20180323_175158.png HTTP/1.1" 200 187109
192.168.0.46 - - [23/Mar/2018:17:52:07 +0900] "GET /SafeForYou/eventIn.do?module_id=1&temp=26.93&smoke=451&gyro=0&fire=991&issue=2 HTTP/1.0" 200 -
192.168.0.36 - - [23/Mar/2018:17:52:08 +0900] "GET /SafeForYou/AndoridIamgeGet.do?imageID=20180323_175206.png HTTP/1.1" 200 187160
192.168.0.36 - - [23/Mar/2018:17:52:08 +0900] "GET /SafeForYou/AndoridIamgeGet.do?imageID=20180323_175206.png HTTP/1.1" 200 187160
192.168.0.46 - - [23/Mar/2018:17:52:14 +0900] "GET /SafeForYou/eventIn.do?module_id=1&temp=26.93&smoke=454&gyro=140&fire=989&issue=2 HTTP/1.0" 200 -
192.168.0.36 - - [23/Mar/2018:17:52:14 +0900] "GET /SafeForYou/AndoridIamgeGet.do?imageID=20180323_175213.png HTTP/1.1" 200 187110
192.168.0.36 - - [23/Mar/2018:17:52:17 +0900] "GET /SafeForYou/AndoridIamgeGet.do?imageID=20180323_175213.png HTTP/1.1" 200 187110
192.168.0.46 - - [23/Mar/2018:17:52:21 +0900] "GET /SafeForYou/eventIn.do?module_id=1&temp=26.91&smoke=456&gyro=26&fire=995&issue=2 HTTP/1.0" 500 2025
192.168.0.46 - - [23/Mar/2018:17:52:30 +0900] "GET /SafeForYou/eventIn.do?module_id=1&temp=26.41&smoke=465&gyro=134&fire=995&issue=2 HTTP/1.0" 500 2025
192.168.0.46 - - [23/Mar/2018:17:53:29 +0900] "GET /SafeForYou/eventIn.do?module_id=1&temp=28.19&smoke=462&gyro=614&fire=965&issue=0 HTTP/1.0" 200 182
192.168.0.46 - - [23/Mar/2018:17:53:37 +0900] "GET /SafeForYou/eventIn.do?module_id=1&temp=27.55&smoke=474&gyro=233&fire=994&issue=2 HTTP/1.0" 200 -
192.168.0.46 - - [23/Mar/2018:17:53:44 +0900] "GET /SafeForYou/eventIn.do?module_id=1&temp=27.49&smoke=475&gyro=407&fire=1005&issue=2 HTTP/1.0" 200 -
192.168.0.46 - - [23/Mar/2018:17:53:52 +0900] "GET /SafeForYou/eventIn.do?module_id=1&temp=27.55&smoke=472&gyro=234&fire=1000&issue=2 HTTP/1.0" 200 -
192.168.0.46 - - [23/Mar/2018:17:54:01 +0900] "GET /SafeForYou/eventIn.do?module_id=1&temp=27.53&smoke=476&gyro=312&fire=1000&issue=2 HTTP/1.0" 500 2214
192.168.0.46 - - [23/Mar/2018:17:54:11 +0900] "GET /SafeForYou/eventIn.do?module_id=1&temp=27.37&smoke=476&gyro=170&fire=1000&issue=2 HTTP/1.0" 200 -
192.168.0.46 - - [23/Mar/2018:17:54:21 +0900] "GET /SafeForYou/eventIn.do?module_id=1&temp=27.29&smoke=479&gyro=485&fire=996&issue=2 HTTP/1.0" 200 -
192.168.0.46 - - [23/Mar/2018:17:54:27 +0900] "GET /SafeForYou/eventIn.do?module_id=1&temp=27.25&smoke=485&gyro=454&fire=1001&issue=2 HTTP/1.0" 200 -
192.168.0.46 - - [23/Mar/2018:17:54:33 +0900] "GET /SafeForYou/eventIn.do?module_id=1&temp=27.17&smoke=481&gyro=280&fire=997&issue=2 HTTP/1.0" 200 -
192.168.0.46 - - [23/Mar/2018:17:54:40 +0900] "GET /SafeForYou/eventIn.do?module_id=1&temp=27.17&smoke=482&gyro=408&fire=1000&issue=2 HTTP/1.0" 200 -
192.168.0.36 - - [23/Mar/2018:17:54:40 +0900] "GET /SafeForYou/AndoridIamgeGet.do?imageID=20180323_175433.png HTTP/1.1" 200 186849
192.168.0.36 - - [23/Mar/2018:17:54:40 +0900] "GET /SafeForYou/AndoridIamgeGet.do?imageID=20180323_175433.png HTTP/1.1" 200 186849
192.168.0.36 - - [23/Mar/2018:17:54:40 +0900] "GET /SafeForYou/AndoridIamgeGet.do?imageID=20180323_175439.png HTTP/1.1" 200 187802
192.168.0.36 - - [23/Mar/2018:17:54:41 +0900] "GET /SafeForYou/AndoridIamgeGet.do?imageID=20180323_175439.png HTTP/1.1" 200 187802
192.168.0.46 - - [23/Mar/2018:17:54:47 +0900] "GET /SafeForYou/eventIn.do?module_id=1&temp=27.21&smoke=481&gyro=334&fire=1001&issue=2 HTTP/1.0" 200 -
192.168.0.36 - - [23/Mar/2018:17:54:47 +0900] "GET /SafeForYou/AndoridIamgeGet.do?imageID=20180323_175446.png HTTP/1.1" 200 187686
192.168.0.36 - - [23/Mar/2018:17:54:47 +0900] "GET /SafeForYou/AndoridIamgeGet.do?imageID=20180323_175446.png HTTP/1.1" 200 187686
192.168.0.46 - - [23/Mar/2018:17:54:55 +0900] "GET /SafeForYou/eventIn.do?module_id=1&temp=27.23&smoke=484&gyro=255&fire=997&issue=2 HTTP/1.0" 200 -
192.168.0.36 - - [23/Mar/2018:17:54:56 +0900] "GET /SafeForYou/AndoridIamgeGet.do?imageID=20180323_175454.png HTTP/1.1" 200 187656
192.168.0.36 - - [23/Mar/2018:17:54:56 +0900] "GET /SafeForYou/AndoridIamgeGet.do?imageID=20180323_175454.png HTTP/1.1" 200 187656
192.168.0.46 - - [23/Mar/2018:17:55:04 +0900] "GET /SafeForYou/eventIn.do?module_id=1&temp=27.09&smoke=482&gyro=231&fire=997&issue=2 HTTP/1.0" 200 -
192.168.0.36 - - [23/Mar/2018:17:55:05 +0900] "GET /SafeForYou/AndoridIamgeGet.do?imageID=20180323_175502.png HTTP/1.1" 200 187331
192.168.0.36 - - [23/Mar/2018:17:55:05 +0900] "GET /SafeForYou/AndoridIamgeGet.do?imageID=20180323_175502.png HTTP/1.1" 200 187331
192.168.0.46 - - [23/Mar/2018:17:55:14 +0900] "GET /SafeForYou/eventIn.do?module_id=1&temp=27.15&smoke=478&gyro=317&fire=1006&issue=2 HTTP/1.0" 200 -
192.168.0.36 - - [23/Mar/2018:17:55:16 +0900] "GET /SafeForYou/AndoridIamgeGet.do?imageID=20180323_175512.png HTTP/1.1" 200 187742
192.168.0.36 - - [23/Mar/2018:17:55:16 +0900] "GET /SafeForYou/AndoridIamgeGet.do?imageID=20180323_175512.png HTTP/1.1" 200 187742
192.168.0.46 - - [23/Mar/2018:17:55:23 +0900] "GET /SafeForYou/eventIn.do?module_id=1&temp=27.11&smoke=479&gyro=124&fire=1006&issue=2 HTTP/1.0" 200 -
192.168.0.36 - - [23/Mar/2018:17:55:24 +0900] "GET /SafeForYou/AndoridIamgeGet.do?imageID=20180323_175520.png HTTP/1.1" 200 187332
192.168.0.36 - - [23/Mar/2018:17:55:24 +0900] "GET /SafeForYou/AndoridIamgeGet.do?imageID=20180323_175520.png HTTP/1.1" 200 187332
192.168.0.46 - - [23/Mar/2018:17:55:31 +0900] "GET /SafeForYou/eventIn.do?module_id=1&temp=27.09&smoke=479&gyro=491&fire=997&issue=2 HTTP/1.0" 200 -
192.168.0.36 - - [23/Mar/2018:17:55:31 +0900] "GET /SafeForYou/AndoridIamgeGet.do?imageID=20180323_175529.png HTTP/1.1" 200 187080
192.168.0.36 - - [23/Mar/2018:17:55:32 +0900] "GET /SafeForYou/AndoridIamgeGet.do?imageID=20180323_175529.png HTTP/1.1" 200 187080
192.168.0.46 - - [23/Mar/2018:17:55:39 +0900] "GET /SafeForYou/eventIn.do?module_id=1&temp=26.93&smoke=474&gyro=167&fire=998&issue=2 HTTP/1.0" 200 -
192.168.0.36 - - [23/Mar/2018:17:55:39 +0900] "GET /SafeForYou/AndoridIamgeGet.do?imageID=20180323_175537.png HTTP/1.1" 200 186495
192.168.0.36 - - [23/Mar/2018:17:55:40 +0900] "GET /SafeForYou/AndoridIamgeGet.do?imageID=20180323_175537.png HTTP/1.1" 200 186495
192.168.0.46 - - [23/Mar/2018:17:55:48 +0900] "GET /SafeForYou/eventIn.do?module_id=1&temp=26.87&smoke=475&gyro=246&fire=998&issue=2 HTTP/1.0" 200 -
192.168.0.36 - - [23/Mar/2018:17:55:48 +0900] "GET /SafeForYou/AndoridIamgeGet.do?imageID=20180323_175545.png HTTP/1.1" 200 186944
192.168.0.36 - - [23/Mar/2018:17:55:48 +0900] "GET /SafeForYou/AndoridIamgeGet.do?imageID=20180323_175545.png HTTP/1.1" 200 186944
192.168.0.46 - - [23/Mar/2018:17:56:02 +0900] "GET /SafeForYou/eventIn.do?module_id=1&temp=26.87&smoke=468&gyro=235&fire=996&issue=2 HTTP/1.0" 200 -
192.168.0.36 - - [23/Mar/2018:17:56:03 +0900] "GET /SafeForYou/AndoridIamgeGet.do?imageID=20180323_175600.png HTTP/1.1" 200 186798
192.168.0.36 - - [23/Mar/2018:17:56:03 +0900] "GET /SafeForYou/AndoridIamgeGet.do?imageID=20180323_175600.png HTTP/1.1" 200 186798
192.168.0.46 - - [23/Mar/2018:17:56:10 +0900] "GET /SafeForYou/eventIn.do?module_id=1&temp=26.93&smoke=469&gyro=229&fire=1008&issue=2 HTTP/1.0" 200 -
192.168.0.36 - - [23/Mar/2018:17:56:10 +0900] "GET /SafeForYou/AndoridIamgeGet.do?imageID=20180323_175608.png HTTP/1.1" 200 186898
192.168.0.36 - - [23/Mar/2018:17:56:11 +0900] "GET /SafeForYou/AndoridIamgeGet.do?imageID=20180323_175608.png HTTP/1.1" 200 186898
192.168.0.46 - - [23/Mar/2018:17:56:17 +0900] "GET /SafeForYou/eventIn.do?module_id=1&temp=26.83&smoke=465&gyro=230&fire=998&issue=2 HTTP/1.0" 200 -
192.168.0.36 - - [23/Mar/2018:17:56:18 +0900] "GET /SafeForYou/AndoridIamgeGet.do?imageID=20180323_175616.png HTTP/1.1" 200 186932
192.168.0.36 - - [23/Mar/2018:17:56:18 +0900] "GET /SafeForYou/AndoridIamgeGet.do?imageID=20180323_175616.png HTTP/1.1" 200 186932
192.168.0.46 - - [23/Mar/2018:17:56:24 +0900] "GET /SafeForYou/eventIn.do?module_id=1&temp=26.85&smoke=468&gyro=260&fire=1002&issue=2 HTTP/1.0" 200 -
192.168.0.36 - - [23/Mar/2018:17:56:25 +0900] "GET /SafeForYou/AndoridIamgeGet.do?imageID=20180323_175623.png HTTP/1.1" 200 187236
192.168.0.36 - - [23/Mar/2018:17:56:25 +0900] "GET /SafeForYou/AndoridIamgeGet.do?imageID=20180323_175623.png HTTP/1.1" 200 187236
192.168.0.46 - - [23/Mar/2018:17:56:31 +0900] "GET /SafeForYou/eventIn.do?module_id=1&temp=26.79&smoke=467&gyro=486&fire=997&issue=2 HTTP/1.0" 200 -
192.168.0.36 - - [23/Mar/2018:17:56:32 +0900] "GET /SafeForYou/AndoridIamgeGet.do?imageID=20180323_175631.png HTTP/1.1" 200 187530
192.168.0.36 - - [23/Mar/2018:17:56:32 +0900] "GET /SafeForYou/AndoridIamgeGet.do?imageID=20180323_175631.png HTTP/1.1" 200 187530
192.168.0.46 - - [23/Mar/2018:17:56:38 +0900] "GET /SafeForYou/eventIn.do?module_id=1&temp=26.77&smoke=465&gyro=415&fire=1003&issue=2 HTTP/1.0" 200 -
192.168.0.36 - - [23/Mar/2018:17:56:38 +0900] "GET /SafeForYou/AndoridIamgeGet.do?imageID=20180323_175637.png HTTP/1.1" 200 187566
192.168.0.36 - - [23/Mar/2018:17:56:38 +0900] "GET /SafeForYou/AndoridIamgeGet.do?imageID=20180323_175637.png HTTP/1.1" 200 187566
192.168.0.46 - - [23/Mar/2018:17:56:44 +0900] "GET /SafeForYou/eventIn.do?module_id=1&temp=26.79&smoke=468&gyro=419&fire=1003&issue=2 HTTP/1.0" 200 -
192.168.0.36 - - [23/Mar/2018:17:56:44 +0900] "GET /SafeForYou/AndoridIamgeGet.do?imageID=20180323_175644.png HTTP/1.1" 200 186652
192.168.0.36 - - [23/Mar/2018:17:56:45 +0900] "GET /SafeForYou/AndoridIamgeGet.do?imageID=20180323_175644.png HTTP/1.1" 200 186652
192.168.0.46 - - [23/Mar/2018:17:56:52 +0900] "GET /SafeForYou/eventIn.do?module_id=1&temp=26.79&smoke=466&gyro=270&fire=993&issue=2 HTTP/1.0" 200 -
192.168.0.36 - - [23/Mar/2018:17:56:53 +0900] "GET /SafeForYou/AndoridIamgeGet.do?imageID=20180323_175651.png HTTP/1.1" 200 187194
192.168.0.36 - - [23/Mar/2018:17:56:53 +0900] "GET /SafeForYou/AndoridIamgeGet.do?imageID=20180323_175651.png HTTP/1.1" 200 187194
192.168.0.46 - - [23/Mar/2018:17:56:58 +0900] "GET /SafeForYou/eventIn.do?module_id=1&temp=26.91&smoke=463&gyro=239&fire=995&issue=2 HTTP/1.0" 200 -
192.168.0.36 - - [23/Mar/2018:17:56:59 +0900] "GET /SafeForYou/AndoridIamgeGet.do?imageID=20180323_175658.png HTTP/1.1" 200 187370
192.168.0.36 - - [23/Mar/2018:17:56:59 +0900] "GET /SafeForYou/AndoridIamgeGet.do?imageID=20180323_175658.png HTTP/1.1" 200 187370
192.168.0.46 - - [23/Mar/2018:17:57:05 +0900] "GET /SafeForYou/eventIn.do?module_id=1&temp=26.83&smoke=464&gyro=390&fire=994&issue=2 HTTP/1.0" 200 -
192.168.0.36 - - [23/Mar/2018:17:57:05 +0900] "GET /SafeForYou/AndoridIamgeGet.do?imageID=20180323_175704.png HTTP/1.1" 200 186791
192.168.0.36 - - [23/Mar/2018:17:57:06 +0900] "GET /SafeForYou/AndoridIamgeGet.do?imageID=20180323_175704.png HTTP/1.1" 200 186791
192.168.0.46 - - [23/Mar/2018:17:57:12 +0900] "GET /SafeForYou/eventIn.do?module_id=1&temp=26.83&smoke=466&gyro=447&fire=1003&issue=2 HTTP/1.0" 200 -
192.168.0.36 - - [23/Mar/2018:17:57:13 +0900] "GET /SafeForYou/AndoridIamgeGet.do?imageID=20180323_175711.png HTTP/1.1" 200 187140
192.168.0.36 - - [23/Mar/2018:17:57:14 +0900] "GET /SafeForYou/AndoridIamgeGet.do?imageID=20180323_175711.png HTTP/1.1" 200 187140
192.168.0.46 - - [23/Mar/2018:17:57:20 +0900] "GET /SafeForYou/eventIn.do?module_id=1&temp=26.83&smoke=466&gyro=243&fire=999&issue=2 HTTP/1.0" 200 -
192.168.0.46 - - [23/Mar/2018:17:57:26 +0900] "GET /SafeForYou/eventIn.do?module_id=1&temp=26.83&smoke=467&gyro=170&fire=998&issue=2 HTTP/1.0" 200 -
192.168.0.46 - - [23/Mar/2018:17:57:33 +0900] "GET /SafeForYou/eventIn.do?module_id=1&temp=26.85&smoke=466&gyro=499&fire=998&issue=2 HTTP/1.0" 200 -
192.168.0.46 - - [23/Mar/2018:17:57:39 +0900] "GET /SafeForYou/eventIn.do?module_id=1&temp=26.83&smoke=465&gyro=298&fire=1001&issue=2 HTTP/1.0" 200 -
192.168.0.36 - - [23/Mar/2018:17:57:40 +0900] "GET /SafeForYou/AndoridIamgeGet.do?imageID=20180323_175739.png HTTP/1.1" 200 187244
192.168.0.36 - - [23/Mar/2018:17:57:40 +0900] "GET /SafeForYou/AndoridIamgeGet.do?imageID=20180323_175739.png HTTP/1.1" 200 187244
192.168.0.46 - - [23/Mar/2018:17:57:46 +0900] "GET /SafeForYou/eventIn.do?module_id=1&temp=26.83&smoke=464&gyro=473&fire=997&issue=2 HTTP/1.0" 200 -
192.168.0.46 - - [23/Mar/2018:17:57:52 +0900] "GET /SafeForYou/eventIn.do?module_id=1&temp=26.85&smoke=462&gyro=380&fire=1000&issue=2 HTTP/1.0" 200 -
192.168.0.46 - - [23/Mar/2018:17:58:00 +0900] "GET /SafeForYou/eventIn.do?module_id=1&temp=26.77&smoke=468&gyro=496&fire=996&issue=2 HTTP/1.0" 200 -
192.168.0.46 - - [23/Mar/2018:17:59:32 +0900] "GET /SafeForYou/eventIn.do?module_id=1&temp=27.09&smoke=456&gyro=250&fire=995&issue=0 HTTP/1.0" 200 182
192.168.0.36 - - [23/Mar/2018:17:59:33 +0900] "POST /SafeForYou/AndroidLogin.do HTTP/1.1" 200 306
192.168.0.36 - - [23/Mar/2018:17:59:33 +0900] "GET /SafeForYou/img/HR_profile/0000000000.png HTTP/1.1" 200 96593
192.168.0.46 - - [23/Mar/2018:17:59:43 +0900] "GET /SafeForYou/eventIn.do?module_id=1&temp=27.09&smoke=456&gyro=361&fire=998&issue=0 HTTP/1.0" 200 182
192.168.0.46 - - [23/Mar/2018:17:59:54 +0900] "GET /SafeForYou/eventIn.do?module_id=1&temp=27.05&smoke=455&gyro=668&fire=995&issue=0 HTTP/1.0" 200 182
192.168.0.46 - - [23/Mar/2018:18:00:05 +0900] "GET /SafeForYou/eventIn.do?module_id=1&temp=27.09&smoke=457&gyro=304&fire=994&issue=0 HTTP/1.0" 200 182
192.168.0.46 - - [23/Mar/2018:18:00:15 +0900] "GET /SafeForYou/eventIn.do?module_id=1&temp=27.15&smoke=456&gyro=489&fire=995&issue=0 HTTP/1.0" 200 182
192.168.0.46 - - [23/Mar/2018:18:00:26 +0900] "GET /SafeForYou/eventIn.do?module_id=1&temp=27.17&smoke=455&gyro=566&fire=990&issue=0 HTTP/1.0" 200 182
192.168.0.46 - - [23/Mar/2018:18:00:37 +0900] "GET /SafeForYou/eventIn.do?module_id=1&temp=26.93&smoke=454&gyro=448&fire=998&issue=0 HTTP/1.0" 200 182
192.168.0.36 - - [23/Mar/2018:18:00:40 +0900] "GET /SafeForYou/AndoridIamgeGet.do?imageID=20180323_175759.png HTTP/1.1" 200 187055
192.168.0.36 - - [23/Mar/2018:18:00:40 +0900] "GET /SafeForYou/AndoridIamgeGet.do?imageID=20180323_175759.png HTTP/1.1" 200 187055
192.168.0.46 - - [23/Mar/2018:18:00:47 +0900] "GET /SafeForYou/eventIn.do?module_id=1&temp=26.97&smoke=452&gyro=527&fire=991&issue=0 HTTP/1.0" 200 182
192.168.0.46 - - [23/Mar/2018:18:00:58 +0900] "GET /SafeForYou/eventIn.do?module_id=1&temp=26.93&smoke=448&gyro=228&fire=990&issue=0 HTTP/1.0" 200 182
192.168.0.46 - - [23/Mar/2018:18:01:09 +0900] "GET /SafeForYou/eventIn.do?module_id=1&temp=26.99&smoke=450&gyro=487&fire=991&issue=0 HTTP/1.0" 200 182
192.168.0.46 - - [23/Mar/2018:18:01:19 +0900] "GET /SafeForYou/eventIn.do?module_id=1&temp=27.05&smoke=445&gyro=566&fire=995&issue=0 HTTP/1.0" 200 182
